
update again
